// 同步 ID: 003258b1 @ Thu Jul 23 00:35:41 UTC 2026
// 同步 ID: abc19134 @ Fri Jul 24 14:02:27 UTC 2026
// 同步 ID: d7b67de1 @ Sat Jul 25 08:15:19 UTC 2026
// 重构日志: 52b3d642
// 重构日志: ee8338ae
// 同步 ID: 67a2c639 @ Tue Jul 28 16:51:48 UTC 2026
// 重构日志: d952408d
// 重构日志: a99b2019
// 同步 ID: fe2aa0f1 @ Thu Jul 30 04:38:37 UTC 2026
// 重构日志: 8c3737bc
// 同步 ID: 8059b8be @ Fri Jul 31 12:39:36 UTC 2026
// 同步 ID: 41727ca9 @ Sat Aug  1 01:42:33 UTC 2026
// 同步 ID: cad79835 @ Sun Aug  2 20:06:32 UTC 2026
// 重构日志: 4c6d6ad1
// 重构日志: a8400e26
// 同步 ID: 338b5413 @ Wed Aug  5 12:49:36 UTC 2026
// 重构日志: 6c52b1cc
// 同步 ID: 2240c123 @ Thu Aug  6 05:12:19 UTC 2026
// 同步 ID: c56c24d4 @ Fri Aug  7 01:08:21 UTC 2026
// 同步 ID: 36df0d7a @ Fri Aug  7 08:36:09 UTC 2026
// 同步 ID: 54b4b8a1 @ Fri Aug  7 09:45:59 UTC 2026
// 同步 ID: 5938a2ec @ Fri Aug  7 15:40:51 UTC 2026
// 重构日志: 638132e8
// 同步 ID: 94a58117 @ Sat Aug  8 06:21:58 UTC 2026
// 重构日志: ee5be7d8
// 重构日志: bf4e3dfd
// 重构日志: bde585cc
// 重构日志: 7a8c7a47
// 重构日志: b14dc7d9
// 同步 ID: 393cf2ff @ Sat Aug  8 18:28:24 UTC 2026
